c:\users\felix\source\repos\application\application\x64\debug\uvsphere.obj
c:\users\felix\source\repos\application\application\x64\debug\shader.obj
c:\users\felix\source\repos\application\application\x64\debug\scene.obj
c:\users\felix\source\repos\application\application\x64\debug\quad.obj
c:\users\felix\source\repos\application\application\x64\debug\programbase.obj
c:\users\felix\source\repos\application\application\x64\debug\plane.obj
c:\users\felix\source\repos\application\application\x64\debug\meshgenerator.obj
c:\users\felix\source\repos\application\application\x64\debug\ktytime.obj
c:\users\felix\source\repos\application\application\x64\debug\input.obj
c:\users\felix\source\repos\application\application\x64\debug\entity.obj
c:\users\felix\source\repos\application\application\x64\debug\defaultshaders.obj
c:\users\felix\source\repos\application\application\x64\debug\texture.obj
c:\users\felix\source\repos\application\application\x64\debug\screenshotpng.obj
c:\users\felix\source\repos\application\application\x64\debug\light.obj
c:\users\felix\source\repos\application\application\x64\debug\framebuffer.obj
c:\users\felix\source\repos\application\application\x64\debug\deviceinfo.obj
c:\users\felix\source\repos\application\application\x64\debug\cubesphere.obj
c:\users\felix\source\repos\application\application\x64\debug\cube.obj
c:\users\felix\source\repos\application\application\x64\debug\circle.obj
c:\users\felix\source\repos\application\application\x64\debug\camera.obj
c:\users\felix\source\repos\application\application\x64\debug\cameracontroller.h.ifc
c:\users\felix\source\repos\application\application\x64\debug\cameracontroller.h.ifc.d.json
c:\users\felix\source\repos\application\application\x64\debug\cameracontroller.h.obj
c:\users\felix\source\repos\application\application\x64\debug\camera.h.ifc
c:\users\felix\source\repos\application\application\x64\debug\camera.h.ifc.d.json
c:\users\felix\source\repos\application\application\x64\debug\camera.h.obj
c:\users\felix\source\repos\application\application\x64\debug\glad.obj
c:\users\felix\source\repos\application\x64\debug\ktyengine.exe
c:\users\felix\source\repos\application\x64\debug\ktyengine.pdb
c:\users\felix\source\repos\application\application\x64\debug\application.res
c:\users\faye\desktop\projects\application\application\x64\debug\camera.h.module.json
c:\users\faye\desktop\projects\application\application\x64\debug\cameracontroller.h.module.json
c:\users\felix\source\repos\application\application\x64\debug\cameracontroller.h.module.json
c:\users\felix\source\repos\application\application\x64\debug\camera.h.module.json
c:\users\felix\source\repos\application\application\x64\debug\ktyengine.ilk
c:\users\felix\source\repos\application\application\x64\debug\gamepad.obj
c:\users\felix\source\repos\application\application\x64\debug\lit.obj
c:\users\felix\source\repos\application\application\x64\debug\main.obj
c:\users\felix\source\repos\application\application\x64\debug\objects.obj
c:\users\felix\source\repos\application\application\x64\debug\transform.obj
c:\users\felix\source\repos\application\application\x64\debug\unlit.obj
c:\users\felix\source\repos\application\application\x64\debug\application.ilk
c:\users\felix\source\repos\application\application\x64\debug\camera.h.nativecodeanalysis.xml
c:\users\felix\source\repos\application\application\x64\debug\camera.nativecodeanalysis.xml
c:\users\felix\source\repos\application\application\x64\debug\circle.nativecodeanalysis.xml
c:\users\felix\source\repos\application\application\x64\debug\cube.nativecodeanalysis.xml
c:\users\felix\source\repos\application\application\x64\debug\cubesphere.nativecodeanalysis.xml
c:\users\felix\source\repos\application\application\x64\debug\deviceinfo.nativecodeanalysis.xml
c:\users\felix\source\repos\application\application\x64\debug\entity.nativecodeanalysis.xml
c:\users\felix\source\repos\application\application\x64\debug\gamepad.nativecodeanalysis.xml
c:\users\felix\source\repos\application\application\x64\debug\glad.nativecodeanalysis.xml
c:\users\felix\source\repos\application\application\x64\debug\ktytime.nativecodeanalysis.xml
c:\users\felix\source\repos\application\application\x64\debug\lit.nativecodeanalysis.xml
c:\users\felix\source\repos\application\application\x64\debug\main.nativecodeanalysis.xml
c:\users\felix\source\repos\application\application\x64\debug\meshgenerator.nativecodeanalysis.xml
c:\users\felix\source\repos\application\application\x64\debug\objects.nativecodeanalysis.xml
c:\users\felix\source\repos\application\application\x64\debug\plane.nativecodeanalysis.xml
c:\users\felix\source\repos\application\application\x64\debug\programbase.nativecodeanalysis.xml
c:\users\felix\source\repos\application\application\x64\debug\quad.nativecodeanalysis.xml
c:\users\felix\source\repos\application\application\x64\debug\scene.nativecodeanalysis.xml
c:\users\felix\source\repos\application\application\x64\debug\shader.nativecodeanalysis.xml
c:\users\felix\source\repos\application\application\x64\debug\texture.nativecodeanalysis.xml
c:\users\felix\source\repos\application\application\x64\debug\unlit.nativecodeanalysis.xml
c:\users\felix\source\repos\application\application\x64\debug\uvsphere.nativecodeanalysis.xml
c:\users\felix\source\repos\application\application\x64\debug\vc.nativecodeanalysis.all.xml
c:\users\felix\source\repos\application\application\x64\debug\ktyengine.tlog\cl.command.1.tlog
c:\users\felix\source\repos\application\application\x64\debug\ktyengine.tlog\cl.items.tlog
c:\users\felix\source\repos\application\application\x64\debug\ktyengine.tlog\cl.read.1.tlog
c:\users\felix\source\repos\application\application\x64\debug\ktyengine.tlog\cl.write.1.tlog
c:\users\felix\source\repos\application\application\x64\debug\ktyengine.tlog\link.command.1.tlog
c:\users\felix\source\repos\application\application\x64\debug\ktyengine.tlog\link.read.1.tlog
c:\users\felix\source\repos\application\application\x64\debug\ktyengine.tlog\link.secondary.1.tlog
c:\users\felix\source\repos\application\application\x64\debug\ktyengine.tlog\link.write.1.tlog
c:\users\felix\source\repos\application\application\x64\debug\ktyengine.tlog\rc.command.1.tlog
c:\users\felix\source\repos\application\application\x64\debug\ktyengine.tlog\rc.read.1.tlog
c:\users\felix\source\repos\application\application\x64\debug\ktyengine.tlog\rc.write.1.tlog
c:\users\felix\source\repos\application\application\x64\debug\ktyengine_md.tlog\cl.command.1.tlog
c:\users\felix\source\repos\application\application\x64\debug\ktyengine_md.tlog\microsoft.build.cpptasks.cl.read.1.tlog
c:\users\felix\source\repos\application\application\x64\debug\ktyengine_md.tlog\microsoft.build.cpptasks.cl.write.1.tlog
